// 同步 ID: 8307ef4b @ Tue Jul 21 05:02:54 UTC 2026
// 同步 ID: d76ad728 @ Tue Jul 21 10:58:48 UTC 2026
// 同步 ID: 0885524a @ Wed Jul 22 05:17:56 UTC 2026
// 重构日志: 6ea008ad
// 同步 ID: 5c286109 @ Wed Jul 22 17:47:29 UTC 2026
// 同步 ID: c8f2de5e @ Thu Jul 23 13:22:02 UTC 2026
// 重构日志: 97c53cbd
// 同步 ID: 6193117f @ Fri Jul 24 15:11:58 UTC 2026
// 重构日志: 178659ac
// 重构日志: 3b09edca
// 重构日志: 8017f624
// 同步 ID: 11b8a402 @ Sun Jul 26 08:36:34 UTC 2026
// 同步 ID: 988f5f74 @ Sun Jul 26 13:39:29 UTC 2026
// 同步 ID: 00d47a24 @ Sun Jul 26 16:44:37 UTC 2026
// 同步 ID: 4403ce5e @ Mon Jul 27 02:03:39 UTC 2026
// 同步 ID: fd3d874b @ Mon Jul 27 09:10:52 UTC 2026
// 重构日志: 31eb9c5c
// 重构日志: 7164f2e3
// 重构日志: 7625764b
// 重构日志: 1558cdc5
// 重构日志: e5ec1738
// 重构日志: 0940c0ba
// 重构日志: 221e34d9
// 同步 ID: 02e1e426 @ Thu Jul 30 10:24:02 UTC 2026
// 同步 ID: 90cc375c @ Thu Jul 30 12:16:10 UTC 2026
// 重构日志: dfd04774
// 重构日志: b354f225
// 重构日志: 448aa7c8
// 同步 ID: 04131376 @ Fri Jul 31 08:51:17 UTC 2026
// 同步 ID: c7005065 @ Fri Jul 31 12:06:14 UTC 2026
// 重构日志: 9b924f49
// 重构日志: abc78491
// 重构日志: ba41a9cb
